2026-02-03 20:54:59,299 - root - INFO - NaNs in X_train: 0 (0.0000% of entries), NaNs in X_test: 0 (0.0000% of entries)
2026-02-03 20:55:25,179 - root - INFO - 
Quantile crossing rate (raw, before repair): 0.05> 0.5 = 0.00%, 0.5> 0.95 = 0.00%
2026-02-03 20:55:25,179 - root - INFO - 
RAW quantile pinball losses and marginal coverage on TEST set (no repair):
2026-02-03 20:55:25,290 - root - INFO - RAW mean interval width [0.05, 0.95]: 96.58 AUD/MWh
2026-02-09 13:32:39,925 - root - INFO - NaNs in X_train: 0 (0.0000% of entries), NaNs in X_test: 0 (0.0000% of entries)
2026-02-09 13:36:16,825 - root - INFO - NaNs in X_train: 0 (0.0000% of entries), NaNs in X_test: 0 (0.0000% of entries)
2026-02-09 13:40:03,061 - root - INFO - NaNs in X_train: 0 (0.0000% of entries), NaNs in X_test: 0 (0.0000% of entries)
2026-02-09 13:46:26,467 - root - INFO - NaNs in X_train: 0 (0.0000% of entries), NaNs in X_test: 0 (0.0000% of entries)
2026-02-09 13:47:08,964 - root - INFO - NaNs in X_train: 0 (0.0000% of entries), NaNs in X_test: 0 (0.0000% of entries)
2026-02-09 13:47:51,747 - root - INFO - NaNs in X_train: 0 (0.0000% of entries), NaNs in X_test: 0 (0.0000% of entries)
2026-02-09 13:48:31,397 - root - INFO - NaNs in X_train: 0 (0.0000% of entries), NaNs in X_test: 0 (0.0000% of entries)
2026-02-09 14:19:19,966 - root - INFO - NaNs in X_train: 0 (0.0000% of entries), NaNs in X_test: 0 (0.0000% of entries)
2026-02-09 14:20:35,903 - root - INFO - NaNs in X_train: 0 (0.0000% of entries), NaNs in X_test: 0 (0.0000% of entries)
2026-02-09 14:21:34,591 - root - INFO - NaNs in X_train: 0 (0.0000% of entries), NaNs in X_test: 0 (0.0000% of entries)
2026-02-09 14:22:31,014 - root - INFO - NaNs in X_train: 0 (0.0000% of entries), NaNs in X_test: 0 (0.0000% of entries)
2026-02-09 14:39:56,280 - root - INFO - NaNs in X_train: 0 (0.0000% of entries), NaNs in X_test: 0 (0.0000% of entries)
2026-02-09 14:41:07,487 - root - INFO - NaNs in X_train: 0 (0.0000% of entries), NaNs in X_test: 0 (0.0000% of entries)
2026-02-09 14:42:04,142 - root - INFO - NaNs in X_train: 0 (0.0000% of entries), NaNs in X_test: 0 (0.0000% of entries)
2026-02-09 14:43:06,593 - root - INFO - NaNs in X_train: 0 (0.0000% of entries), NaNs in X_test: 0 (0.0000% of entries)
2026-02-09 14:50:12,540 - root - INFO - NaNs in X_train: 0 (0.0000% of entries), NaNs in X_test: 0 (0.0000% of entries)
2026-02-09 14:51:23,626 - root - INFO - NaNs in X_train: 0 (0.0000% of entries), NaNs in X_test: 0 (0.0000% of entries)
2026-02-09 14:52:21,192 - root - INFO - NaNs in X_train: 0 (0.0000% of entries), NaNs in X_test: 0 (0.0000% of entries)
2026-02-09 14:53:16,668 - root - INFO - NaNs in X_train: 0 (0.0000% of entries), NaNs in X_test: 0 (0.0000% of entries)
2026-02-14 22:48:56,278 - arbitrage_sim - INFO - Training quantile models for horizon 60 minutes...
2026-02-14 22:48:58,345 - root - INFO - NaNs in X_train: 0 (0.0000% of entries), NaNs in X_test: 0 (0.0000% of entries)
2026-02-14 22:50:49,584 - arbitrage_sim - INFO - Training quantile models for horizon 60 minutes...
2026-02-14 22:50:51,640 - root - INFO - NaNs in X_train: 0 (0.0000% of entries), NaNs in X_test: 0 (0.0000% of entries)
2026-02-14 22:51:39,948 - arbitrage_sim - INFO - Training quantile models for horizon 60 minutes...
2026-02-14 22:51:45,564 - root - INFO - NaNs in X_train: 0 (0.0000% of entries), NaNs in X_test: 0 (0.0000% of entries)
2026-02-14 22:52:30,224 - arbitrage_sim - INFO - Training quantile models for horizon 120 minutes...
2026-02-14 22:52:39,442 - root - INFO - NaNs in X_train: 0 (0.0000% of entries), NaNs in X_test: 0 (0.0000% of entries)
2026-02-14 23:09:55,776 - arbitrage_sim - INFO - Training quantile models for horizon 60 minutes...
2026-02-14 23:09:57,223 - root - INFO - NaNs in X_train: 0 (0.0000% of entries), NaNs in X_test: 0 (0.0000% of entries)
2026-02-14 23:10:23,827 - arbitrage_sim - INFO - Training quantile models for horizon 120 minutes...
2026-02-14 23:10:25,710 - root - INFO - NaNs in X_train: 0 (0.0000% of entries), NaNs in X_test: 0 (0.0000% of entries)
2026-02-14 23:11:55,758 - arbitrage_sim - INFO - Training quantile models for horizon 60 minutes...
2026-02-14 23:11:57,659 - root - INFO - NaNs in X_train: 0 (0.0000% of entries), NaNs in X_test: 0 (0.0000% of entries)
2026-02-14 23:12:27,576 - arbitrage_sim - INFO - Training quantile models for horizon 120 minutes...
2026-02-14 23:12:29,005 - root - INFO - NaNs in X_train: 0 (0.0000% of entries), NaNs in X_test: 0 (0.0000% of entries)
2026-02-14 23:34:39,514 - arbitrage_sim - INFO - Training quantile models for horizon 60 minutes...
2026-02-14 23:34:42,568 - root - INFO - NaNs in X_train: 0 (0.0000% of entries), NaNs in X_test: 0 (0.0000% of entries)
2026-02-14 23:35:24,602 - arbitrage_sim - INFO - Training quantile models for horizon 120 minutes...
2026-02-14 23:35:26,238 - root - INFO - NaNs in X_train: 0 (0.0000% of entries), NaNs in X_test: 0 (0.0000% of entries)
2026-02-14 23:43:03,305 - arbitrage_sim - INFO - Training quantile models for horizon 60 minutes...
2026-02-14 23:43:06,461 - root - INFO - NaNs in X_train: 0 (0.0000% of entries), NaNs in X_test: 0 (0.0000% of entries)
2026-02-14 23:43:39,071 - arbitrage_sim - INFO - Training quantile models for horizon 120 minutes...
2026-02-14 23:43:40,525 - root - INFO - NaNs in X_train: 0 (0.0000% of entries), NaNs in X_test: 0 (0.0000% of entries)
2026-02-15 13:48:30,884 - arbitrage_sim - INFO - Training quantile models for horizon 60 minutes...
2026-02-15 13:48:32,733 - root - INFO - NaNs in X_train: 0 (0.0000% of entries), NaNs in X_test: 0 (0.0000% of entries)
2026-02-15 13:49:35,995 - arbitrage_sim - INFO - Training quantile models for horizon 120 minutes...
2026-02-15 13:49:38,918 - root - INFO - NaNs in X_train: 0 (0.0000% of entries), NaNs in X_test: 0 (0.0000% of entries)
2026-02-15 14:02:59,734 - arbitrage_sim - INFO - Training quantile models for horizon 60 minutes...
2026-02-15 14:03:01,277 - root - INFO - NaNs in X_train: 0 (0.0000% of entries), NaNs in X_test: 0 (0.0000% of entries)
2026-02-15 14:03:30,616 - arbitrage_sim - INFO - Training quantile models for horizon 120 minutes...
2026-02-15 14:03:32,118 - root - INFO - NaNs in X_train: 0 (0.0000% of entries), NaNs in X_test: 0 (0.0000% of entries)
2026-02-15 14:23:44,124 - arbitrage_sim - INFO - Training quantile models for horizon 60 minutes...
2026-02-15 14:23:45,854 - root - INFO - NaNs in X_train: 0 (0.0000% of entries), NaNs in X_test: 0 (0.0000% of entries)
2026-02-15 14:24:16,056 - arbitrage_sim - INFO - Training quantile models for horizon 120 minutes...
2026-02-15 14:24:18,151 - root - INFO - NaNs in X_train: 0 (0.0000% of entries), NaNs in X_test: 0 (0.0000% of entries)
2026-02-15 14:30:38,358 - arbitrage_sim - INFO - Training quantile models for horizon 60 minutes...
2026-02-15 14:30:39,673 - root - INFO - NaNs in X_train: 0 (0.0000% of entries), NaNs in X_test: 0 (0.0000% of entries)
2026-02-15 14:31:09,557 - arbitrage_sim - INFO - Training quantile models for horizon 120 minutes...
2026-02-15 14:31:11,601 - root - INFO - NaNs in X_train: 0 (0.0000% of entries), NaNs in X_test: 0 (0.0000% of entries)
2026-02-19 16:05:54,734 - __main__ - INFO - Starting data collection...
2026-02-19 16:06:19,684 - __main__ - INFO - Starting data cleaning...
2026-02-19 16:07:46,095 - __main__ - INFO - Starting data collection...
2026-02-19 16:07:58,717 - __main__ - INFO - Starting data cleaning...
2026-02-19 16:08:10,687 - __main__ - INFO - Loading cleaned datasets...
2026-02-19 16:08:35,785 - __main__ - INFO - Starting data collection...
2026-02-19 16:08:42,617 - __main__ - INFO - Starting data cleaning...
2026-02-19 16:08:53,751 - __main__ - INFO - Loading cleaned datasets...
2026-02-19 16:09:13,722 - __main__ - INFO - Starting data collection...
2026-02-19 16:09:22,553 - __main__ - INFO - Starting data cleaning...
2026-02-19 16:09:33,765 - __main__ - INFO - Loading cleaned datasets...
2026-02-19 16:09:35,990 - __main__ - INFO - Detected timestep: 5.00 minutes
2026-02-19 16:09:35,992 - __main__ - INFO - Training conformal quantile models for horizons: [30, 60]
2026-02-19 16:09:35,993 - arbitrage_sim - INFO - Training quantile models for horizon 30 minutes...
2026-02-19 16:09:54,232 - __main__ - INFO - Starting data collection...
2026-02-19 16:10:03,938 - __main__ - INFO - Starting data cleaning...
2026-02-19 16:10:15,233 - __main__ - INFO - Loading cleaned datasets...
2026-02-19 16:10:18,622 - __main__ - INFO - Detected timestep: 5.00 minutes
2026-02-19 16:10:18,623 - __main__ - INFO - Training conformal quantile models for horizons: [30, 60]
2026-02-19 16:10:18,624 - arbitrage_sim - INFO - Training quantile models for horizon 30 minutes...
2026-02-19 16:10:39,941 - __main__ - INFO - Starting data collection...
2026-02-19 16:10:48,763 - __main__ - INFO - Starting data cleaning...
2026-02-19 16:11:00,877 - __main__ - INFO - Loading cleaned datasets...
2026-02-19 16:11:02,770 - __main__ - INFO - Detected timestep: 5.00 minutes
2026-02-19 16:11:02,771 - __main__ - INFO - Training conformal quantile models for horizons: [30, 60]
2026-02-19 16:11:02,772 - arbitrage_sim - INFO - Training quantile models for horizon 30 minutes...
2026-02-19 16:11:34,869 - __main__ - INFO - Starting data collection...
2026-02-19 16:11:44,147 - __main__ - INFO - Starting data cleaning...
2026-02-19 16:11:51,987 - __main__ - INFO - Loading cleaned datasets...
2026-02-19 16:11:54,240 - __main__ - INFO - Detected timestep: 5.00 minutes
2026-02-19 16:11:54,241 - __main__ - INFO - Training conformal quantile models for horizons: [30, 60]
2026-02-19 16:11:54,242 - arbitrage_sim - INFO - Training quantile models for horizon 30 minutes...
2026-02-19 16:11:56,331 - root - INFO - NaNs in X_train: 0 (0.0000% of entries), NaNs in X_test: 0 (0.0000% of entries)
2026-02-19 16:12:19,236 - __main__ - INFO - Starting data collection...
2026-02-19 16:12:27,111 - __main__ - INFO - Starting data cleaning...
2026-02-19 16:12:38,301 - __main__ - INFO - Loading cleaned datasets...
2026-02-19 16:12:40,147 - __main__ - INFO - Detected timestep: 5.00 minutes
2026-02-19 16:12:40,148 - __main__ - INFO - Training conformal quantile models for horizons: [30, 60]
2026-02-19 16:12:40,149 - arbitrage_sim - INFO - Training quantile models for horizon 30 minutes...
2026-02-19 16:12:41,980 - root - INFO - NaNs in X_train: 0 (0.0000% of entries), NaNs in X_test: 0 (0.0000% of entries)
2026-02-19 16:13:14,345 - arbitrage_sim - INFO - [horizon_30m] pinball loss q0.05: 2.4992, q0.50: 8.5075, q0.95: 3.4566
2026-02-19 16:13:14,346 - arbitrage_sim - INFO - [horizon_30m] conformal interval coverage: 92.38% (target 90%)
2026-02-19 16:13:14,347 - arbitrage_sim - INFO - [horizon_30m] directional accuracy (> 1.0 AUD/MWh move): 67.12% over 53124 cases
2026-02-19 16:13:14,348 - arbitrage_sim - INFO - Training quantile models for horizon 60 minutes...
2026-02-19 16:13:16,790 - root - INFO - NaNs in X_train: 0 (0.0000% of entries), NaNs in X_test: 0 (0.0000% of entries)
2026-02-19 16:13:45,010 - arbitrage_sim - INFO - [horizon_60m] pinball loss q0.05: 2.9343, q0.50: 10.8578, q0.95: 4.0727
2026-02-19 16:13:45,011 - arbitrage_sim - INFO - [horizon_60m] conformal interval coverage: 92.04% (target 90%)
2026-02-19 16:13:45,012 - arbitrage_sim - INFO - [horizon_60m] directional accuracy (> 1.0 AUD/MWh move): 71.45% over 56723 cases
2026-02-19 16:13:45,062 - __main__ - INFO - Baseline thresholds: low=0.01, high=0.10
2026-02-19 16:13:45,063 - __main__ - INFO - Running conformal policy simulation...
2026-02-19 16:13:56,576 - __main__ - INFO - Running baseline threshold simulation...
2026-02-19 16:13:57,346 - __main__ - INFO - Conformal policy profit: $-48.95 (with terminal $-42.09)
2026-02-19 16:13:57,347 - __main__ - INFO - Baseline policy profit: $1684.07 (with terminal $1691.67)
2026-02-19 16:14:22,241 - __main__ - INFO - Starting data collection...
2026-02-19 16:14:29,341 - __main__ - INFO - Starting data cleaning...
2026-02-19 16:14:36,250 - __main__ - INFO - Loading cleaned datasets...
2026-02-19 16:14:37,900 - __main__ - INFO - Detected timestep: 5.00 minutes
2026-02-19 16:14:37,901 - __main__ - INFO - Training conformal quantile models for horizons: [30, 60]
2026-02-19 16:14:37,902 - arbitrage_sim - INFO - Training quantile models for horizon 30 minutes...
2026-02-19 16:14:39,991 - root - INFO - NaNs in X_train: 0 (0.0000% of entries), NaNs in X_test: 0 (0.0000% of entries)
2026-02-19 16:15:09,483 - arbitrage_sim - INFO - [horizon_30m] pinball loss q0.05: 2.4992, q0.50: 8.5075, q0.95: 3.4566
2026-02-19 16:15:09,484 - arbitrage_sim - INFO - [horizon_30m] conformal interval coverage: 92.38% (target 90%)
2026-02-19 16:15:09,485 - arbitrage_sim - INFO - [horizon_30m] directional accuracy (> 1.0 AUD/MWh move): 67.12% over 53124 cases
2026-02-19 16:15:09,486 - arbitrage_sim - INFO - Training quantile models for horizon 60 minutes...
2026-02-19 16:15:11,137 - root - INFO - NaNs in X_train: 0 (0.0000% of entries), NaNs in X_test: 0 (0.0000% of entries)
2026-02-19 16:15:35,937 - arbitrage_sim - INFO - [horizon_60m] pinball loss q0.05: 2.9343, q0.50: 10.8578, q0.95: 4.0727
2026-02-19 16:15:35,938 - arbitrage_sim - INFO - [horizon_60m] conformal interval coverage: 92.04% (target 90%)
2026-02-19 16:15:35,939 - arbitrage_sim - INFO - [horizon_60m] directional accuracy (> 1.0 AUD/MWh move): 71.45% over 56723 cases
2026-02-19 16:15:35,981 - __main__ - INFO - Baseline thresholds: low=0.01, high=0.10
2026-02-19 16:15:35,982 - __main__ - INFO - Running conformal policy simulation...
2026-02-19 16:15:44,102 - __main__ - INFO - Running baseline threshold simulation...
2026-02-19 16:15:44,601 - __main__ - INFO - Conformal policy profit: $-48.95 (with terminal $-42.09)
2026-02-19 16:15:44,602 - __main__ - INFO - Baseline policy profit: $1684.07 (with terminal $1691.67)
2026-02-19 16:19:03,663 - __main__ - INFO - Starting data collection...
2026-02-19 16:19:18,379 - __main__ - INFO - Starting data cleaning...
2026-02-19 16:19:35,667 - __main__ - INFO - Loading cleaned datasets...
2026-02-19 16:19:37,782 - __main__ - INFO - Detected timestep: 5.00 minutes
2026-02-19 16:19:37,783 - __main__ - INFO - Training conformal quantile models for horizons: [30, 60]
2026-02-19 16:19:37,783 - arbitrage_sim - INFO - Training quantile models for horizon 30 minutes...
2026-02-19 16:19:39,918 - root - INFO - NaNs in X_train: 0 (0.0000% of entries), NaNs in X_test: 0 (0.0000% of entries)
2026-02-19 16:20:18,794 - arbitrage_sim - INFO - [horizon_30m] pinball loss q0.05: 2.4992, q0.50: 8.5075, q0.95: 3.4566
2026-02-19 16:20:18,794 - arbitrage_sim - INFO - [horizon_30m] conformal interval coverage: 92.38% (target 90%)
2026-02-19 16:20:18,795 - arbitrage_sim - INFO - [horizon_30m] directional accuracy (> 1.0 AUD/MWh move): 67.12% over 53124 cases
2026-02-19 16:20:18,795 - arbitrage_sim - INFO - Training quantile models for horizon 60 minutes...
2026-02-19 16:20:20,710 - root - INFO - NaNs in X_train: 0 (0.0000% of entries), NaNs in X_test: 0 (0.0000% of entries)
2026-02-19 16:20:45,038 - arbitrage_sim - INFO - [horizon_60m] pinball loss q0.05: 2.9343, q0.50: 10.8578, q0.95: 4.0727
2026-02-19 16:20:45,038 - arbitrage_sim - INFO - [horizon_60m] conformal interval coverage: 92.04% (target 90%)
2026-02-19 16:20:45,039 - arbitrage_sim - INFO - [horizon_60m] directional accuracy (> 1.0 AUD/MWh move): 71.45% over 56723 cases
2026-02-19 16:23:21,507 - __main__ - INFO - Starting data collection...
2026-02-19 16:23:27,408 - __main__ - INFO - Starting data cleaning...
2026-02-19 16:23:35,682 - __main__ - INFO - Loading cleaned datasets...
2026-02-19 16:23:37,236 - __main__ - INFO - Detected timestep: 5.00 minutes
2026-02-19 16:23:37,237 - __main__ - INFO - Training conformal quantile models for horizons: [30, 60]
2026-02-19 16:23:37,238 - arbitrage_sim - INFO - Training quantile models for horizon 30 minutes...
2026-02-19 16:23:39,671 - root - INFO - NaNs in X_train: 0 (0.0000% of entries), NaNs in X_test: 0 (0.0000% of entries)
2026-02-19 16:24:10,770 - arbitrage_sim - INFO - [horizon_30m] pinball loss q0.05: 2.4992, q0.50: 8.5075, q0.95: 3.4566
2026-02-19 16:24:10,771 - arbitrage_sim - INFO - [horizon_30m] conformal interval coverage: 92.38% (target 90%)
2026-02-19 16:24:10,772 - arbitrage_sim - INFO - [horizon_30m] directional accuracy (> 1.0 AUD/MWh move): 67.12% over 53124 cases
2026-02-19 16:24:10,774 - arbitrage_sim - INFO - Training quantile models for horizon 60 minutes...
2026-02-19 16:24:13,130 - root - INFO - NaNs in X_train: 0 (0.0000% of entries), NaNs in X_test: 0 (0.0000% of entries)
2026-02-19 16:24:38,392 - arbitrage_sim - INFO - [horizon_60m] pinball loss q0.05: 2.9343, q0.50: 10.8578, q0.95: 4.0727
2026-02-19 16:24:38,392 - arbitrage_sim - INFO - [horizon_60m] conformal interval coverage: 92.04% (target 90%)
2026-02-19 16:24:38,393 - arbitrage_sim - INFO - [horizon_60m] directional accuracy (> 1.0 AUD/MWh move): 71.45% over 56723 cases
2026-02-19 16:24:38,421 - __main__ - INFO - Baseline thresholds: low=0.01, high=0.10
2026-02-19 16:24:38,421 - __main__ - INFO - Running conformal policy simulation...
2026-02-19 17:58:26,402 - __main__ - INFO - Starting data collection...
2026-02-19 17:58:38,616 - __main__ - INFO - Starting data cleaning...
2026-02-19 17:58:53,028 - __main__ - INFO - Loading cleaned datasets...
2026-02-19 17:58:54,855 - __main__ - INFO - Detected timestep: 5.00 minutes
2026-02-19 17:58:54,856 - __main__ - INFO - Training conformal quantile models for horizons: [30, 60]
2026-02-19 17:58:54,857 - arbitrage_sim - INFO - Training quantile models for horizon 30 minutes...
2026-02-19 17:58:56,301 - root - INFO - NaNs in X_train: 0 (0.0000% of entries), NaNs in X_test: 0 (0.0000% of entries)
2026-02-19 17:59:34,302 - arbitrage_sim - INFO - [horizon_30m] pinball loss q0.05: 2.4992, q0.50: 8.5075, q0.95: 3.4566
2026-02-19 17:59:34,303 - arbitrage_sim - INFO - [horizon_30m] conformal interval coverage: 92.38% (target 90%)
2026-02-19 17:59:34,303 - arbitrage_sim - INFO - [horizon_30m] directional accuracy (> 1.0 AUD/MWh move): 67.12% over 53124 cases
2026-02-19 17:59:34,303 - arbitrage_sim - INFO - Training quantile models for horizon 60 minutes...
2026-02-19 17:59:38,934 - root - INFO - NaNs in X_train: 0 (0.0000% of entries), NaNs in X_test: 0 (0.0000% of entries)
2026-02-19 18:00:17,267 - arbitrage_sim - INFO - [horizon_60m] pinball loss q0.05: 2.9343, q0.50: 10.8578, q0.95: 4.0727
2026-02-19 18:00:17,268 - arbitrage_sim - INFO - [horizon_60m] conformal interval coverage: 92.04% (target 90%)
2026-02-19 18:00:17,269 - arbitrage_sim - INFO - [horizon_60m] directional accuracy (> 1.0 AUD/MWh move): 71.45% over 56723 cases
2026-02-19 18:00:17,309 - __main__ - INFO - Baseline thresholds: low=0.01, high=0.10
2026-02-19 18:00:17,310 - __main__ - INFO - Running conformal policy simulation...
2026-02-19 18:00:40,274 - __main__ - INFO - Running baseline threshold simulation...
2026-02-19 18:00:41,536 - __main__ - INFO - Conformal policy profit: $-63.73 (with terminal $-56.70)
2026-02-19 18:00:41,537 - __main__ - INFO - Baseline policy profit: $1684.07 (with terminal $1691.67)
2026-02-19 18:00:47,111 - __main__ - INFO - Starting data collection...
2026-02-19 18:00:53,711 - __main__ - INFO - Starting data cleaning...
2026-02-19 18:01:01,750 - __main__ - INFO - Loading cleaned datasets...
2026-02-19 18:01:03,183 - __main__ - INFO - Detected timestep: 5.00 minutes
2026-02-19 18:01:03,184 - __main__ - INFO - Training conformal quantile models for horizons: [30, 60]
2026-02-19 18:01:03,184 - arbitrage_sim - INFO - Training quantile models for horizon 30 minutes...
2026-02-19 18:01:04,648 - root - INFO - NaNs in X_train: 0 (0.0000% of entries), NaNs in X_test: 0 (0.0000% of entries)
2026-02-19 18:01:40,640 - arbitrage_sim - INFO - [horizon_30m] pinball loss q0.05: 2.4992, q0.50: 8.5075, q0.95: 3.4566
2026-02-19 18:01:40,640 - arbitrage_sim - INFO - [horizon_30m] conformal interval coverage: 92.38% (target 90%)
2026-02-19 18:01:40,642 - arbitrage_sim - INFO - [horizon_30m] directional accuracy (> 1.0 AUD/MWh move): 67.12% over 53124 cases
2026-02-19 18:01:40,642 - arbitrage_sim - INFO - Training quantile models for horizon 60 minutes...
2026-02-19 18:01:42,953 - root - INFO - NaNs in X_train: 0 (0.0000% of entries), NaNs in X_test: 0 (0.0000% of entries)
2026-02-19 18:02:10,305 - arbitrage_sim - INFO - [horizon_60m] pinball loss q0.05: 2.9343, q0.50: 10.8578, q0.95: 4.0727
2026-02-19 18:02:10,306 - arbitrage_sim - INFO - [horizon_60m] conformal interval coverage: 92.04% (target 90%)
2026-02-19 18:02:10,307 - arbitrage_sim - INFO - [horizon_60m] directional accuracy (> 1.0 AUD/MWh move): 71.45% over 56723 cases
2026-02-19 18:02:10,344 - __main__ - INFO - Baseline thresholds: low=0.01, high=0.10
2026-02-19 18:02:10,345 - __main__ - INFO - Running conformal policy simulation...
2026-02-19 18:02:42,807 - __main__ - INFO - Running baseline threshold simulation...
2026-02-19 18:02:43,720 - __main__ - INFO - Conformal policy profit: $-63.73 (with terminal $-56.70)
2026-02-19 18:02:43,721 - __main__ - INFO - Baseline policy profit: $1684.07 (with terminal $1691.67)
2026-03-06 16:25:47,304 - arbitrage_sim - INFO - Training quantile models for horizon 30 minutes...
2026-03-06 16:25:48,787 - root - INFO - NaNs in X_train: 0 (0.0000% of entries), NaNs in X_test: 0 (0.0000% of entries)
2026-03-06 16:45:49,610 - arbitrage_sim - INFO - Training quantile models for horizon 30 minutes...
2026-03-06 16:45:50,897 - root - INFO - NaNs in X_train: 0 (0.0000% of entries), NaNs in X_test: 0 (0.0000% of entries)
2026-03-06 16:46:26,026 - arbitrage_sim - INFO - Training quantile models for horizon 60 minutes...
2026-03-06 16:46:31,951 - root - INFO - NaNs in X_train: 0 (0.0000% of entries), NaNs in X_test: 0 (0.0000% of entries)
2026-03-06 16:52:03,125 - arbitrage_sim - INFO - Training quantile models for horizon 60 minutes...
2026-03-06 16:52:05,751 - root - INFO - NaNs in X_train: 0 (0.0000% of entries), NaNs in X_test: 0 (0.0000% of entries)
2026-03-06 16:52:41,611 - arbitrage_sim - INFO - Training quantile models for horizon 120 minutes...
2026-03-06 16:52:45,290 - root - INFO - NaNs in X_train: 0 (0.0000% of entries), NaNs in X_test: 0 (0.0000% of entries)
